// Jest Snapshot v1, https://goo.gl/fbAQLP

exports[`Index renders as expected 1`] = `
<div
  style={
    Object {
      "backgroundColor": "#373F51",
    }
  }
>
  <h1
    className="sc-bdVaJa jPLkst"
    size="large"
  >
    Hello!
  </h1>
  <h1
    className="sc-bdVaJa cEyAFy"
    size="base"
  >
    Welcome to my website!
  </h1>
  <p
    className="sc-bwzfXH bCqCov"
    size="large"
  >
    My name is David
  </p>
</div>
`;
