// Jest Snapshot v1, https://goo.gl/fbAQLP

exports[`Index renders as expected 1`] = `
<div
  style={
    Object {
      "alignItems": "center",
      "display": "flex",
      "flexDirection": "column",
      "justifyContent": "center",
    }
  }
>
  <meta
    content="width=device-width, initial-scale=1.0"
    name="viewport"
  />
  <video
    autoPlay={true}
    className="sc-bZQynM cGJBSr"
    loop={true}
    muted={true}
    poster=""
    preload="auto"
  >
    <source
      src=""
      type="video/mp4"
    />
  </video>
  <div
    className="sc-htpNat bWSVUI"
    style={
      Object {
        "alignItems": "center",
        "display": "flex",
        "justifyContent": "flex-start",
        "padding": "48px 0px",
      }
    }
    width="full"
  >
    <div
      className="sc-htpNat dMVrFV"
      style={
        Object {
          "flex": 1,
        }
      }
    />
    <div
      className="sc-htpNat dMVrFV"
      style={
        Object {
          "flex": 2,
          "padding": "0px 16px",
        }
      }
    >
      <h1
        className="sc-bdVaJa gSBKap"
        color="#A8DADC"
        size="huge"
      >
        David
      </h1>
      <h1
        className="sc-bdVaJa ksuAVZ"
        color="#A8DADC"
        size="large"
      >
        Chellapah
      </h1>
    </div>
    <div
      className="sc-htpNat dMVrFV"
      style={
        Object {
          "flex": 2,
        }
      }
    >
      <div
        className="sc-htpNat dMVrFV"
      >
        <div
          className="sc-htpNat dMVrFV"
        >
          <div
            className=""
          />
        </div>
      </div>
    </div>
    <div
      className="sc-htpNat dMVrFV"
      style={
        Object {
          "flex": 1,
        }
      }
    />
  </div>
  <div
    className="sc-htpNat dUGsjj"
    style={
      Object {
        "alignItems": "center",
        "display": "flex",
        "flexDirection": "column",
        "justifyContent": "flex-start",
        "padding": "48px 0px",
      }
    }
    width="full"
  >
    <div
      className="sc-htpNat dUGsjj"
      style={
        Object {
          "alignItems": "center",
          "display": "flex",
          "flexDirection": "row",
          "justifyContent": "flex-start",
        }
      }
      width="full"
    >
      <div
        className="sc-htpNat kHdJfM"
        style={
          Object {
            "flex": 1,
          }
        }
      />
      <div
        className="sc-htpNat kHdJfM"
        style={
          Object {
            "flex": 2,
          }
        }
      >
        <h1
          className="sc-bdVaJa dEEqkm"
          color="#2B303A"
          size="large"
        >
          About Me
        </h1>
      </div>
      <div
        className="sc-htpNat kHdJfM"
        style={
          Object {
            "flex": 1,
          }
        }
      />
    </div>
    <div
      className="sc-htpNat dUGsjj"
      style={
        Object {
          "alignItems": "center",
          "display": "flex",
          "flexDirection": "row",
          "justifyContent": "flex-start",
          "maxWidth": "1080px",
        }
      }
      width="full"
    >
      <div
        className="sc-htpNat kHdJfM"
        style={
          Object {
            "flex": 1,
          }
        }
      />
      <div
        className="sc-htpNat kHdJfM"
        style={
          Object {
            "flex": 4,
            "flexDirection": "column",
          }
        }
      >
        <p
          className="sc-bxivhb iHgCkS"
          size="large"
        >
          Hello, my name is David. I'm a 24 year old developer from London who graduated from Brunel University in 2017 with a Bachelors degree in Computer Science. I've been working at giffgaff as a software developer since then.
        </p>
      </div>
      <div
        className="sc-htpNat kHdJfM"
        style={
          Object {
            "flex": 1,
          }
        }
      />
    </div>
  </div>
  <div
    className="sc-htpNat bWSVUI"
    style={
      Object {
        "alignItems": "center",
        "display": "flex",
        "flexDirection": "column",
        "justifyContent": "flex-start",
        "padding": "48px 0px",
      }
    }
    width="full"
  >
    <div
      className="sc-htpNat bWSVUI"
      style={
        Object {
          "alignItems": "center",
          "display": "flex",
          "flexDirection": "row",
          "justifyContent": "flex-start",
        }
      }
      width="full"
    >
      <div
        className="sc-htpNat dMVrFV"
        style={
          Object {
            "flex": 1,
          }
        }
      />
      <div
        className="sc-htpNat dMVrFV"
        style={
          Object {
            "flex": 2,
          }
        }
      >
        <h1
          className="sc-bdVaJa ksuAVZ"
          color="#A8DADC"
          size="large"
        >
          Projects
        </h1>
      </div>
      <div
        className="sc-htpNat dMVrFV"
        style={
          Object {
            "flex": 1,
          }
        }
      />
    </div>
    <div
      className="sc-htpNat bWSVUI"
      style={
        Object {
          "alignItems": "center",
          "display": "flex",
          "flexDirection": "row",
          "justifyContent": "flex-start",
          "maxWidth": "1080px",
        }
      }
      width="full"
    >
      <div
        className="sc-htpNat dMVrFV"
        style={
          Object {
            "flex": 1,
          }
        }
      />
      <div
        className="sc-htpNat dMVrFV"
        style={
          Object {
            "flex": 4,
            "flexDirection": "column",
          }
        }
      >
        <p
          className="sc-bxivhb ihWrPY"
          color="#EEE5E9"
          size="large"
          style={
            Object {
              "marginBottom": "8px",
            }
          }
        >
          Here's a list of projects I've worked on both professionally and personally:
        </p>
        <div
          className="sc-htpNat gpZXSr"
        >
          <a
            href="https://github.com/davidc94/Portfolio"
            style={
              Object {
                "textDecoration": "none",
              }
            }
            target="_blank"
          >
            <li
              className="sc-ifAKCX fzQhiQ"
              color="#EEE5E9"
              size="large"
            >
              This website
            </li>
          </a>
          <a
            href="https://github.com/davidc94/LightsCameraHome"
            style={
              Object {
                "textDecoration": "none",
              }
            }
            target="_blank"
          >
            <li
              className="sc-ifAKCX fzQhiQ"
              color="#EEE5E9"
              size="large"
            >
              Smart Home App
            </li>
          </a>
          <a
            href="https://github.com/davidc94/money-manager-poc"
            style={
              Object {
                "textDecoration": "none",
              }
            }
            target="_blank"
          >
            <li
              className="sc-ifAKCX fzQhiQ"
              color="#EEE5E9"
              size="large"
            >
              giffgaff Money Manager App POC
            </li>
          </a>
        </div>
      </div>
      <div
        className="sc-htpNat dMVrFV"
        style={
          Object {
            "flex": 1,
          }
        }
      />
    </div>
  </div>
  <div
    className="sc-htpNat dUGsjj"
    style={
      Object {
        "alignItems": "center",
        "display": "flex",
        "flexDirection": "column",
        "justifyContent": "flex-start",
        "padding": "48px 0px",
      }
    }
    width="full"
  >
    <div
      className="sc-htpNat dUGsjj"
      style={
        Object {
          "alignItems": "center",
          "display": "flex",
          "flexDirection": "row",
          "justifyContent": "flex-start",
        }
      }
      width="full"
    >
      <div
        className="sc-htpNat kHdJfM"
        style={
          Object {
            "flex": 1,
          }
        }
      />
      <div
        className="sc-htpNat kHdJfM"
        style={
          Object {
            "flex": 2,
          }
        }
      >
        <h1
          className="sc-bdVaJa dEEqkm"
          color="#2B303A"
          size="large"
        >
          Social Stuff
        </h1>
      </div>
      <div
        className="sc-htpNat kHdJfM"
        style={
          Object {
            "flex": 1,
          }
        }
      />
    </div>
    <div
      className="sc-htpNat dUGsjj"
      style={
        Object {
          "alignItems": "center",
          "display": "flex",
          "justifyContent": "center",
        }
      }
      width="full"
    >
      <div
        className="sc-htpNat kHdJfM"
        style={
          Object {
            "flex": 8,
          }
        }
      />
      <div
        className="sc-htpNat kHdJfM"
        style={
          Object {
            "flex": 2,
          }
        }
      >
        <a
          href="https://github.com/davidc94"
          target="_blank"
        >
          <div
            className="sc-htpNat gPIfr"
          >
            <img
              className="sc-EHOje jTbhvy"
              src=""
              style={
                Object {
                  "cursor": "pointer",
                }
              }
            />
          </div>
        </a>
      </div>
      <div
        className="sc-htpNat kHdJfM"
        style={
          Object {
            "flex": 1,
          }
        }
      />
      <div
        className="sc-htpNat kHdJfM"
        style={
          Object {
            "flex": 2,
          }
        }
      >
        <a
          href="https://www.linkedin.com/in/davidchellapah/"
          target="_blank"
        >
          <div
            className="sc-htpNat gPIfr"
          >
            <img
              className="sc-EHOje jTbhvy"
              src=""
              style={
                Object {
                  "cursor": "pointer",
                }
              }
            />
          </div>
        </a>
      </div>
      <div
        className="sc-htpNat kHdJfM"
        style={
          Object {
            "flex": 8,
          }
        }
      />
    </div>
  </div>
</div>
`;
