// Jest Snapshot v1, https://goo.gl/fbAQLP

exports[`StyledText component render StyledText with a different color 1`] = `
<p
  className="sc-bdVaJa iAymrc"
  color="#3A7CA5"
>
  cool blue
</p>
`;

exports[`StyledText component render StyledText with a different font size 1`] = `
<p
  className="sc-bdVaJa iKrFbH"
  size="large"
>
  EXTRA BIG
</p>
`;

exports[`StyledText component render StyledText with a different margin 1`] = `
<p
  className="sc-bdVaJa hZKGDC"
>
  wow, so much extra space
</p>
`;

exports[`StyledText component render default StyledText as expected 1`] = `
<p
  className="sc-bdVaJa kRyTSY"
>
  I have nothing to offer
</p>
`;
