// Jest Snapshot v1, https://goo.gl/fbAQLP

exports[`StyledHeader component render StyledHeader with a different font size 1`] = `
<h1
  className="sc-bdVaJa KCwkz"
  size="large"
>
  EXTRA BIG
</h1>
`;

exports[`StyledHeader component render StyledHeader with a different margin 1`] = `
<h1
  className="sc-bdVaJa TOYNj"
>
  wow, so much extra space
</h1>
`;

exports[`StyledHeader component render default StyledHeader as expected 1`] = `
<h1
  className="sc-bdVaJa bdkYlJ"
>
  I have nothing to offer
</h1>
`;
