// Jest Snapshot v1, https://goo.gl/fbAQLP

exports[`StyledHeader component render StyledHeader with a different font size 1`] = `
<h1
  className="sc-bdVaJa jPLkst"
  size="large"
>
  EXTRA BIG
</h1>
`;

exports[`StyledHeader component render default StyledHeader as expected 1`] = `
<h1
  className="sc-bdVaJa cEyAFy"
>
  I have nothing to offer
</h1>
`;
