// Jest Snapshot v1, https://goo.gl/fbAQLP

exports[`ListContainer renders as expected 1`] = `
<div
  className="sc-bwzfXH bAxuHL"
>
  <li
    className="sc-bdVaJa wkRKl"
    size="large"
  >
    This is a list
  </li>
  <li
    className="sc-bdVaJa wkRKl"
    size="large"
  >
    This is a list
  </li>
  <li
    className="sc-bdVaJa wkRKl"
    size="large"
  >
    This is a list
  </li>
</div>
`;
