// Jest Snapshot v1, https://goo.gl/fbAQLP

exports[`Gallery component render Gallery as expected 1`] = `
<div
  className="sc-htpNat bEbVeu"
  style={
    Object {
      "alignItems": "center",
      "display": "flex",
      "flexDirection": "column",
      "justifyContent": "flex-start",
      "padding": "48px 0px",
    }
  }
  width="full"
>
  <div
    className="sc-htpNat bEbVeu"
    style={
      Object {
        "alignItems": "center",
        "display": "flex",
        "flexDirection": "row",
        "justifyContent": "flex-start",
      }
    }
    width="full"
  >
    <div
      className="sc-htpNat kNnnXB"
      style={
        Object {
          "flex": 1,
        }
      }
    />
    <div
      className="sc-htpNat kNnnXB"
      style={
        Object {
          "flex": 2,
        }
      }
    >
      <h1
        className="sc-bwzfXH dtrOTQ"
        color="#2B303A"
        size="large"
      >
        Gallery
      </h1>
    </div>
    <div
      className="sc-htpNat kNnnXB"
      style={
        Object {
          "flex": 1,
        }
      }
    />
  </div>
  <div
    className="sc-htpNat bEbVeu"
    style={
      Object {
        "alignItems": "center",
        "display": "flex",
        "flexDirection": "row",
        "justifyContent": "flex-start",
        "maxWidth": "1080px",
      }
    }
    width="full"
  >
    <div
      className="sc-htpNat kNnnXB"
      style={
        Object {
          "flex": 5,
        }
      }
    />
    <div
      className="sc-htpNat kNnnXB"
      style={
        Object {
          "flex": 20,
          "flexDirection": "column",
        }
      }
    >
      <p
        className="sc-bdVaJa iKrFbH"
        size="large"
      >
        Now that the boring stuff is out of the way, I also enjoy photography and shooting videos so here's a small collection of of videos and pictures from travelling ✈️.
      </p>
    </div>
    <div
      className="sc-htpNat kNnnXB"
      style={
        Object {
          "flex": 5,
        }
      }
    />
  </div>
</div>
`;
