// Jest Snapshot v1, https://goo.gl/fbAQLP

exports[`Gallery component render Gallery as expected 1`] = `
<div
  className="sc-bwzfXH hweCyD"
  width="full"
>
  <p
    className="sc-bdVaJa iLKJWs"
    color="#2B303A"
    size="large"
  >
    Gallery
  </p>
  <p
    className="sc-bdVaJa kRyTSY"
  >
    Now that the boring stuff is out of the way, I also enjoy photography and shooting videos so here's a small collection of of videos and pictures from travelling ✈️.
  </p>
</div>
`;
