// Jest Snapshot v1, https://goo.gl/fbAQLP

exports[`Gallery component render Gallery as expected 1`] = `
<div
  className="sc-bwzfXH hweCyD"
  style={
    Object {
      "alignItems": "center",
      "display": "flex",
      "flexDirection": "column",
      "justifyContent": "flex-start",
    }
  }
  width="full"
>
  <div
    className="sc-bwzfXH hweCyD"
    style={
      Object {
        "alignItems": "center",
        "display": "flex",
        "flexDirection": "row",
        "justifyContent": "flex-start",
      }
    }
    width="full"
  >
    <div
      className="sc-bwzfXH cvQdJg"
      style={
        Object {
          "flex": 1,
        }
      }
    />
    <div
      className="sc-bwzfXH cvQdJg"
      style={
        Object {
          "flex": 20,
        }
      }
    >
      <p
        className="sc-bdVaJa iLKJWs"
        color="#2B303A"
        size="large"
      >
        Gallery
      </p>
    </div>
  </div>
  <div
    className="sc-bwzfXH hweCyD"
    style={
      Object {
        "alignItems": "center",
        "display": "flex",
        "flexDirection": "row",
        "justifyContent": "flex-start",
      }
    }
    width="full"
  >
    <div
      className="sc-bwzfXH cvQdJg"
      style={
        Object {
          "flex": 1,
        }
      }
    />
    <div
      className="sc-bwzfXH cvQdJg"
      style={
        Object {
          "flex": 200,
          "flexDirection": "column",
        }
      }
    >
      <p
        className="sc-bdVaJa kRyTSY"
      >
        Now that the boring stuff is out of the way, I also enjoy photography and shooting videos so here's a small collection of of videos and pictures from travelling ✈️.
      </p>
    </div>
  </div>
</div>
`;
