// Jest Snapshot v1, https://goo.gl/fbAQLP

exports[`Header component render Header as expected 1`] = `
<div
  className="sc-htpNat iPErbm"
  style={
    Object {
      "alignItems": "center",
      "display": "flex",
      "justifyContent": "flex-start",
    }
  }
  width="full"
>
  <div
    className="sc-htpNat fslOQR"
    style={
      Object {
        "flex": 1,
      }
    }
  />
  <div
    className="sc-htpNat fslOQR"
    style={
      Object {
        "flex": 2,
        "padding": "0px 16px",
      }
    }
  >
    <h1
      className="sc-bdVaJa gSBKap"
      color="#A8DADC"
      size="huge"
    >
      David
    </h1>
    <h1
      className="sc-bdVaJa ksuAVZ"
      color="#A8DADC"
      size="large"
    >
      Chellapah
    </h1>
  </div>
  <div
    className="sc-htpNat fslOQR"
    style={
      Object {
        "flex": 2,
      }
    }
  >
    <div
      className="sc-htpNat fslOQR"
    >
      <div
        className="sc-htpNat fslOQR"
      >
        <div
          className=""
        />
      </div>
    </div>
  </div>
  <div
    className="sc-htpNat fslOQR"
    style={
      Object {
        "flex": 1,
      }
    }
  />
</div>
`;
