// Jest Snapshot v1, https://goo.gl/fbAQLP

exports[`Social component render Social as expected 1`] = `
<div
  className="sc-bwzfXH jtaQDR"
  style={
    Object {
      "alignItems": "center",
      "display": "flex",
      "flexDirection": "column",
      "justifyContent": "flex-start",
      "padding": "48px 0px",
    }
  }
  width="full"
>
  <div
    className="sc-bwzfXH jtaQDR"
    style={
      Object {
        "alignItems": "center",
        "display": "flex",
        "flexDirection": "row",
        "justifyContent": "flex-start",
      }
    }
    width="full"
  >
    <div
      className="sc-bwzfXH cAfgRt"
      style={
        Object {
          "flex": 1,
        }
      }
    />
    <div
      className="sc-bwzfXH cAfgRt"
      style={
        Object {
          "flex": 2,
        }
      }
    >
      <h1
        className="sc-bdVaJa dEEqkm"
        color="#2B303A"
        size="large"
        style={
          Object {
            "marginBottom": "48px",
          }
        }
      >
        Social Stuff
      </h1>
    </div>
    <div
      className="sc-bwzfXH cAfgRt"
      style={
        Object {
          "flex": 1,
        }
      }
    />
  </div>
  <div
    className="sc-bwzfXH jtaQDR"
    style={
      Object {
        "alignItems": "center",
        "display": "flex",
        "justifyContent": "center",
      }
    }
    width="full"
  >
    <div
      className="sc-bwzfXH cAfgRt"
      style={
        Object {
          "flex": 8,
        }
      }
    />
    <div
      className="sc-bwzfXH cAfgRt"
      style={
        Object {
          "flex": 2,
        }
      }
    >
      <a
        href="https://github.com/davidc94"
        target="_blank"
      >
        <div
          className="sc-bwzfXH XKrqh"
        >
          <img
            className="sc-htpNat daoksz"
            src=""
            style={
              Object {
                "cursor": "pointer",
              }
            }
          />
        </div>
      </a>
    </div>
    <div
      className="sc-bwzfXH cAfgRt"
      style={
        Object {
          "flex": 1,
        }
      }
    />
    <div
      className="sc-bwzfXH cAfgRt"
      style={
        Object {
          "flex": 2,
        }
      }
    >
      <a
        href="https://www.linkedin.com/in/davidchellapah/"
        target="_blank"
      >
        <div
          className="sc-bwzfXH XKrqh"
        >
          <img
            className="sc-htpNat daoksz"
            src=""
            style={
              Object {
                "cursor": "pointer",
              }
            }
          />
        </div>
      </a>
    </div>
    <div
      className="sc-bwzfXH cAfgRt"
      style={
        Object {
          "flex": 8,
        }
      }
    />
  </div>
</div>
`;
