// Jest Snapshot v1, https://goo.gl/fbAQLP

exports[`Projects component render Projects as expected 1`] = `
<div
  className="sc-htpNat iPErbm"
  style={
    Object {
      "alignItems": "center",
      "display": "flex",
      "flexDirection": "column",
      "justifyContent": "flex-start",
      "padding": "48px 0px",
    }
  }
  width="full"
>
  <div
    className="sc-htpNat iPErbm"
    style={
      Object {
        "alignItems": "center",
        "display": "flex",
        "flexDirection": "row",
        "justifyContent": "flex-start",
      }
    }
    width="full"
  >
    <div
      className="sc-htpNat fslOQR"
      style={
        Object {
          "flex": 1,
        }
      }
    />
    <div
      className="sc-htpNat fslOQR"
      style={
        Object {
          "flex": 2,
        }
      }
    >
      <h1
        className="sc-bwzfXH bHcPPO"
        color="#A8DADC"
        size="large"
      >
        Projects
      </h1>
    </div>
    <div
      className="sc-htpNat fslOQR"
      style={
        Object {
          "flex": 1,
        }
      }
    />
  </div>
  <div
    className="sc-htpNat iPErbm"
    style={
      Object {
        "alignItems": "center",
        "display": "flex",
        "flexDirection": "row",
        "justifyContent": "flex-start",
        "maxWidth": "1080px",
      }
    }
    width="full"
  >
    <div
      className="sc-htpNat fslOQR"
      style={
        Object {
          "flex": 1,
        }
      }
    />
    <div
      className="sc-htpNat fslOQR"
      style={
        Object {
          "flex": 4,
          "flexDirection": "column",
        }
      }
    >
      <p
        className="sc-bdVaJa kAfGma"
        color="#EEE5E9"
        size="large"
      >
        Here's a list of stuff that i've done in my life that I'm pretty proud of 👏
      </p>
      <div
        className="sc-htpNat eUoRCQ"
      >
        <li
          className="sc-bxivhb cgpsMn"
          color="#EEE5E9"
          size="large"
        >
          This website
        </li>
        <li
          className="sc-bxivhb cgpsMn"
          color="#EEE5E9"
          size="large"
        >
          Smart Home App (Uni dissertation)
        </li>
      </div>
    </div>
    <div
      className="sc-htpNat fslOQR"
      style={
        Object {
          "flex": 1,
        }
      }
    />
  </div>
</div>
`;
